<?xml version="1.0" encoding="utf-8"?><testsuites name="pytest tests"><testsuite name="pytest" errors="0" failures="0" skipped="4" tests="172" time="35.142" timestamp="2026-09-27T19:21:57.098474+05:30" hostname="SITL2117"><testcase classname="tests.aws.test_announce_aws" name="test_sqs_announce_sends_the_envelope_to_a_fifo_queue" time="1.383" /><testcase classname="tests.aws.test_announce_aws" name="test_sqs_announce_dedupes_a_republished_question" time="0.509" /><testcase classname="tests.aws.test_announce_aws" name="test_sqs_announce_omits_fifo_parameters_for_a_standard_queue" time="0.484" /><testcase classname="tests.aws.test_announce_aws" name="test_sqs_announce_accepts_a_custom_group_id" time="0.473" /><testcase classname="tests.aws.test_announce_aws" name="test_sqs_announce_swallows_a_broken_client" time="0.206" /><testcase classname="tests.aws.test_announce_aws" name="test_sns_announce_publishes_with_tags_as_message_attributes" time="1.023" /><testcase classname="tests.aws.test_announce_aws" name="test_sns_announce_skips_empty_tag_values" time="0.011" /><testcase classname="tests.aws.test_announce_aws" name="test_sns_announce_swallows_a_broken_client" time="0.014" /><testcase classname="tests.aws.test_announce_aws" name="test_eventbridge_announce_uses_the_transition_as_the_detail_type" time="0.011" /><testcase classname="tests.aws.test_announce_aws" name="test_eventbridge_announce_notices_a_failed_entry" time="0.010" /><testcase classname="tests.aws.test_announce_aws" name="test_eventbridge_announce_swallows_a_broken_client" time="0.015" /><testcase classname="tests.aws.test_announce_aws" name="test_dynamodb_announce_writes_the_question_as_a_row" time="1.190" /><testcase classname="tests.aws.test_announce_aws" name="test_open_questions_are_queryable_by_status" time="0.532" /><testcase classname="tests.aws.test_announce_aws" name="test_republishing_the_same_question_overwrites_its_own_row" time="0.515" /><testcase classname="tests.aws.test_announce_aws" name="test_dynamodb_announce_swallows_a_broken_table" time="0.009" /><testcase classname="tests.aws.test_announce_aws" name="test_a_ttl_is_written_when_one_is_configured" time="0.415" /><testcase classname="tests.aws.test_dynamo_checkpointer" name="test_a_graph_runs_to_completion_through_it" time="0.810" /><testcase classname="tests.aws.test_dynamo_checkpointer" name="test_an_interrupt_is_persisted_and_readable" time="0.623" /><testcase classname="tests.aws.test_dynamo_checkpointer" name="test_the_checkpoint_id_is_stable_across_reads" time="0.482" /><testcase classname="tests.aws.test_dynamo_checkpointer" name="test_a_thread_parked_by_one_process_resumes_in_another" time="0.540" /><testcase classname="tests.aws.test_dynamo_checkpointer" name="test_a_rejection_survives_the_handover_too" time="0.679" /><testcase classname="tests.aws.test_dynamo_checkpointer" name="test_history_is_listed_newest_first" time="0.485" /><testcase classname="tests.aws.test_dynamo_checkpointer" name="test_threads_do_not_see_each_other" time="0.596" /><testcase classname="tests.aws.test_dynamo_checkpointer" name="test_delete_thread" time="1.322" /><testcase classname="tests.aws.test_dynamo_checkpointer" name="test_it_behaves_like_the_in_memory_saver" time="1.032" /><testcase classname="tests.aws.test_e2e_aws" name="test_scenario_a_the_happy_path_and_every_stale_answer" time="0.001"><skipped type="pytest.skip" message="set AGENT_WAIT_E2E=1 and deploy the stack to run the end-to-end level">C:\Users\kamaljeet.singh\OneDrive - Crisp Analytics Private Limited\Documents\dev\agent-wait\tests\aws\test_e2e_aws.py:49: set AGENT_WAIT_E2E=1 and deploy the stack to run the end-to-end level</skipped></testcase><testcase classname="tests.aws.test_e2e_aws" name="test_scenario_b_the_consumer_enforces_the_timeout" time="0.001"><skipped type="pytest.skip" message="set AGENT_WAIT_E2E=1 and deploy the stack to run the end-to-end level">C:\Users\kamaljeet.singh\OneDrive - Crisp Analytics Private Limited\Documents\dev\agent-wait\tests\aws\test_e2e_aws.py:58: set AGENT_WAIT_E2E=1 and deploy the stack to run the end-to-end level</skipped></testcase><testcase classname="tests.aws.test_e2e_aws" name="test_scenario_c_a_redelivered_answer_does_not_refund_twice" time="0.001"><skipped type="pytest.skip" message="set AGENT_WAIT_E2E=1 and deploy the stack to run the end-to-end level">C:\Users\kamaljeet.singh\OneDrive - Crisp Analytics Private Limited\Documents\dev\agent-wait\tests\aws\test_e2e_aws.py:67: set AGENT_WAIT_E2E=1 and deploy the stack to run the end-to-end level</skipped></testcase><testcase classname="tests.aws.test_e2e_aws" name="test_scenario_d_a_lost_announce_is_repaired_by_the_redelivery" time="0.001"><skipped type="pytest.skip" message="set AGENT_WAIT_E2E=1 and deploy the stack to run the end-to-end level">C:\Users\kamaljeet.singh\OneDrive - Crisp Analytics Private Limited\Documents\dev\agent-wait\tests\aws\test_e2e_aws.py:76: set AGENT_WAIT_E2E=1 and deploy the stack to run the end-to-end level</skipped></testcase><testcase classname="tests.core.test_announcers" name="test_deliver_is_all_a_subclass_has_to_write" time="0.002" /><testcase classname="tests.core.test_announcers" name="test_a_raising_deliver_becomes_a_log_line_not_an_exception" time="0.006" /><testcase classname="tests.core.test_announcers" name="test_only_filters_without_the_subclass_doing_anything" time="0.002" /><testcase classname="tests.core.test_announcers" name="test_the_question_is_not_logged_at_info" time="0.002" /><testcase classname="tests.core.test_announcers" name="test_the_question_is_available_at_debug" time="0.001" /><testcase classname="tests.core.test_announcers" name="test_the_envelope_is_posted_as_json_with_routing_headers" time="0.568" /><testcase classname="tests.core.test_announcers" name="test_the_body_is_signed_and_the_receiver_can_verify_it" time="0.576" /><testcase classname="tests.core.test_announcers" name="test_a_5xx_is_a_log_line_not_a_failed_publish" time="0.513" /><testcase classname="tests.core.test_announcers" name="test_an_unreachable_receiver_is_a_log_line" time="0.526" /><testcase classname="tests.core.test_envelope" name="test_created_envelope_matches_the_documented_shape" time="0.003" /><testcase classname="tests.core.test_envelope" name="test_source_is_published_when_given" time="0.002" /><testcase classname="tests.core.test_envelope" name="test_expires_at_is_an_instant_not_a_duration" time="0.002" /><testcase classname="tests.core.test_envelope" name="test_dedupe_key_is_type_and_question_id" time="0.002" /><testcase classname="tests.core.test_envelope" name="test_entry_point_names_its_address_by_kind" time="0.002" /><testcase classname="tests.core.test_envelope" name="test_a_ulid_is_sortable_by_time" time="0.003" /><testcase classname="tests.core.test_envelope" name="test_canonical_json_is_byte_stable_across_key_order" time="0.002" /><testcase classname="tests.core.test_envelope" name="test_iso_passes_none_through" time="0.002" /><testcase classname="tests.core.test_envelope" name="test_an_oversized_question_is_refused_where_it_is_asked" time="0.006" /><testcase classname="tests.core.test_framework" name="test_calling_a_wait_function_parks_on_the_function_and_its_args" time="0.003" /><testcase classname="tests.core.test_framework" name="test_approve_runs_the_body_with_original_or_edited_args" time="0.004" /><testcase classname="tests.core.test_framework" name="test_anything_but_approve_is_returned_instead_of_running" time="0.004" /><testcase classname="tests.core.test_framework" name="test_a_decision_parameter_always_runs_and_receives_the_answer" time="0.007" /><testcase classname="tests.core.test_framework" name="test_the_decorated_function_is_tagged" time="0.003" /><testcase classname="tests.core.test_framework" name="test_async_publishes_from_inside_the_call_and_returns_pending" time="0.005" /><testcase classname="tests.core.test_framework" name="test_async_needs_announcers_at_decoration" time="0.004" /><testcase classname="tests.core.test_framework" name="test_publish_interrupts_reads_only_what_the_framework_returns" time="0.003" /><testcase classname="tests.core.test_framework" name="test_a_bare_interrupt_value_is_a_question_with_the_default_policy" time="0.003" /><testcase classname="tests.core.test_framework" name="test_questions_in_is_exposed_for_hosts_that_want_the_list" time="0.003" /><testcase classname="tests.core.test_framework" name="test_framework_subpackage_import_error_names_the_extra" time="0.011" /><testcase classname="tests.core.test_framework" name="test_when_false_runs_the_body_and_asks_nobody" time="0.005" /><testcase classname="tests.core.test_framework" name="test_when_true_parks_exactly_as_an_unconditional_wait_does" time="0.003" /><testcase classname="tests.core.test_framework" name="test_the_predicate_never_sees_the_frameworks_injected_params" time="0.007" /><testcase classname="tests.core.test_framework" name="test_a_predicate_that_raises_asks_anyway" time="0.016" /><testcase classname="tests.core.test_framework" name="test_when_applies_in_async_mode_too" time="0.004" /><testcase classname="tests.core.test_framework" name="test_the_tag_records_whether_the_wait_is_conditional" time="0.011" /><testcase classname="tests.core.test_policy" name="test_parse_duration[P3D-259200.0]" time="0.007" /><testcase classname="tests.core.test_policy" name="test_parse_duration[PT2H-7200.0]" time="0.007" /><testcase classname="tests.core.test_policy" name="test_parse_duration[PT2H30M-9000.0]" time="0.005" /><testcase classname="tests.core.test_policy" name="test_parse_duration[PT90S-90.0]" time="0.008" /><testcase classname="tests.core.test_policy" name="test_parse_duration[P1W-604800.0]" time="0.015" /><testcase classname="tests.core.test_policy" name="test_parse_duration[P1DT12H-129600.0]" time="0.003" /><testcase classname="tests.core.test_policy" name="test_parse_duration[pt15m-900.0]" time="0.006" /><testcase classname="tests.core.test_policy" name="test_parse_duration[120-120.0]" time="0.006" /><testcase classname="tests.core.test_policy" name="test_parse_duration[0.5-0.5]" time="0.005" /><testcase classname="tests.core.test_policy" name="test_parse_duration[None-None]" time="0.004" /><testcase classname="tests.core.test_policy" name="test_unparseable_durations_fail_loudly[P1M]" time="0.003" /><testcase classname="tests.core.test_policy" name="test_unparseable_durations_fail_loudly[P1Y]" time="0.005" /><testcase classname="tests.core.test_policy" name="test_unparseable_durations_fail_loudly[3 days]" time="0.007" /><testcase classname="tests.core.test_policy" name="test_unparseable_durations_fail_loudly[]" time="0.005" /><testcase classname="tests.core.test_policy" name="test_unparseable_durations_fail_loudly[P]" time="0.005" /><testcase classname="tests.core.test_policy" name="test_unparseable_durations_fail_loudly[PT]" time="0.004" /><testcase classname="tests.core.test_policy" name="test_unparseable_durations_fail_loudly[-PT1H]" time="0.003" /><testcase classname="tests.core.test_policy" name="test_unparseable_durations_fail_loudly[0]" time="0.003" /><testcase classname="tests.core.test_policy" name="test_unparseable_durations_fail_loudly[-5]" time="0.003" /><testcase classname="tests.core.test_policy" name="test_unparseable_durations_fail_loudly[True]" time="0.003" /><testcase classname="tests.core.test_policy" name="test_a_bad_timeout_fails_at_construction_not_three_days_later" time="0.003" /><testcase classname="tests.core.test_policy" name="test_round_trip_through_json_shape" time="0.003" /><testcase classname="tests.core.test_policy" name="test_defaults" time="0.004" /><testcase classname="tests.core.test_policy" name="test_empty_allowed_actions_is_refused" time="0.004" /><testcase classname="tests.core.test_policy" name="test_an_unknown_action_is_not_refused_here" time="0.003" /><testcase classname="tests.core.test_policy" name="test_a_policy_survives_the_trip_through_an_interrupt_value" time="0.003" /><testcase classname="tests.core.test_policy" name="test_a_duration_that_parses_to_zero_is_still_refused" time="0.007" /><testcase classname="tests.core.test_publish" name="test_one_envelope_per_interrupt_reaches_every_announcer" time="0.004" /><testcase classname="tests.core.test_publish" name="test_nothing_pending_publishes_nothing" time="0.005" /><testcase classname="tests.core.test_publish" name="test_the_envelope_carries_what_the_consumer_needs" time="0.006" /><testcase classname="tests.core.test_publish" name="test_reply_to_is_optional_and_null_when_absent" time="0.004" /><testcase classname="tests.core.test_publish" name="test_expires_at_is_measured_from_asked_at_when_known" time="0.003" /><testcase classname="tests.core.test_publish" name="test_expires_at_is_measured_from_now_when_asked_at_is_unknown" time="0.003" /><testcase classname="tests.core.test_publish" name="test_no_timeout_means_no_expiry" time="0.004" /><testcase classname="tests.core.test_publish" name="test_publishing_twice_gives_the_same_dedupe_key_and_a_fresh_event_id" time="0.003" /><testcase classname="tests.core.test_publish" name="test_a_broken_announcer_does_not_stop_the_others_or_raise" time="0.010" /><testcase classname="tests.langgraph.test_integration_refund" name="test_a_small_refund_never_asks_anyone[memory]" time="0.039" /><testcase classname="tests.langgraph.test_integration_refund" name="test_a_small_refund_never_asks_anyone[sqlite]" time="0.081" /><testcase classname="tests.langgraph.test_integration_refund" name="test_a_large_refund_parks_and_publishes[memory]" time="0.028" /><testcase classname="tests.langgraph.test_integration_refund" name="test_a_large_refund_parks_and_publishes[sqlite]" time="0.028" /><testcase classname="tests.langgraph.test_integration_refund" name="test_approval_resumes_the_graph_and_refunds_once[memory]" time="0.036" /><testcase classname="tests.langgraph.test_integration_refund" name="test_approval_resumes_the_graph_and_refunds_once[sqlite]" time="0.045" /><testcase classname="tests.langgraph.test_integration_refund" name="test_rejection_skips_the_refund[memory]" time="0.044" /><testcase classname="tests.langgraph.test_integration_refund" name="test_rejection_skips_the_refund[sqlite]" time="0.041" /><testcase classname="tests.langgraph.test_integration_refund" name="test_the_same_answer_delivered_twice_refunds_once[memory]" time="0.049" /><testcase classname="tests.langgraph.test_integration_refund" name="test_the_same_answer_delivered_twice_refunds_once[sqlite]" time="0.045" /><testcase classname="tests.langgraph.test_integration_refund" name="test_a_second_different_decision_after_the_first_changes_nothing[memory]" time="0.041" /><testcase classname="tests.langgraph.test_integration_refund" name="test_a_second_different_decision_after_the_first_changes_nothing[sqlite]" time="0.048" /><testcase classname="tests.langgraph.test_integration_refund" name="test_the_default_is_just_an_answer_the_consumer_sends[memory]" time="0.032" /><testcase classname="tests.langgraph.test_integration_refund" name="test_the_default_is_just_an_answer_the_consumer_sends[sqlite]" time="0.035" /><testcase classname="tests.langgraph.test_integration_refund" name="test_two_parallel_approvals_resume_independently" time="0.041" /><testcase classname="tests.langgraph.test_integration_refund" name="test_a_subgraph_interrupt_parks_and_resumes" time="0.035" /><testcase classname="tests.langgraph.test_publish_interrupts" name="test_a_wait_interrupt_becomes_one_envelope_with_its_policy" time="0.017" /><testcase classname="tests.langgraph.test_publish_interrupts" name="test_a_bare_interrupt_is_published_with_the_default_policy" time="0.013" /><testcase classname="tests.langgraph.test_publish_interrupts" name="test_a_run_that_finishes_publishes_nothing" time="0.012" /><testcase classname="tests.langgraph.test_publish_interrupts" name="test_garbage_in_publishes_nothing" time="0.002" /><testcase classname="tests.langgraph.test_publish_interrupts" name="test_parallel_nodes_give_one_envelope_each" time="0.017" /><testcase classname="tests.langgraph.test_publish_interrupts" name="test_a_stream_chunk_has_the_same_shape" time="0.012" /><testcase classname="tests.langgraph.test_publish_interrupts" name="test_the_answer_goes_back_verbatim_through_the_stub" time="0.020" /><testcase classname="tests.langgraph.test_spike_langgraph" name="test_question_id_is_stable_across_reinvocation" time="0.041" /><testcase classname="tests.langgraph.test_spike_langgraph" name="test_checkpoint_id_is_stable_while_parked" time="0.019" /><testcase classname="tests.langgraph.test_spike_langgraph" name="test_interrupt_value_survives_the_round_trip" time="0.013" /><testcase classname="tests.langgraph.test_spike_langgraph" name="test_get_state_tasks_report_the_pending_interrupt" time="0.015" /><testcase classname="tests.langgraph.test_spike_langgraph" name="test_tasks_empty_once_the_thread_finishes" time="0.020" /><testcase classname="tests.langgraph.test_spike_langgraph" name="test_two_parallel_interrupts_get_distinct_ids" time="0.033" /><testcase classname="tests.langgraph.test_spike_langgraph" name="test_resuming_one_parallel_interrupt_leaves_the_other_parked" time="0.037" /><testcase classname="tests.langgraph.test_spike_langgraph" name="test_known_bug_tasks_over_report_after_a_partial_parallel_resume" time="0.031" /><testcase classname="tests.langgraph.test_spike_langgraph" name="test_replaying_a_resume_does_not_repeat_the_side_effect" time="0.038" /><testcase classname="tests.langgraph.test_spike_langgraph" name="test_a_subgraph_interrupt_surfaces_on_the_parent" time="0.387" /><testcase classname="tests.langgraph.test_spike_langgraph" name="test_a_subgraph_interrupt_resumes_through_the_parent" time="0.031" /><testcase classname="tests.langgraph.test_spike_langgraph" name="test_known_limitation_two_interrupting_tools_in_one_toolnode_share_an_id" time="0.347" /><testcase classname="tests.langgraph.test_wait_langgraph" name="test_calling_a_wait_function_parks_the_graph_and_publishes_the_call" time="0.017" /><testcase classname="tests.langgraph.test_wait_langgraph" name="test_approve_runs_the_body" time="0.018" /><testcase classname="tests.langgraph.test_wait_langgraph" name="test_approve_with_edited_args_runs_with_them" time="0.021" /><testcase classname="tests.langgraph.test_wait_langgraph" name="test_anything_but_approve_returns_the_answer_in_place_of_the_body" time="0.024" /><testcase classname="tests.langgraph.test_wait_langgraph" name="test_a_function_with_a_decision_parameter_always_runs_and_receives_the_answer" time="0.021" /><testcase classname="tests.langgraph.test_wait_langgraph" name="test_the_decision_parameter_name_is_configurable" time="0.021" /><testcase classname="tests.langgraph.test_wait_langgraph" name="test_async_publishes_from_the_decorator_and_the_graph_carries_on" time="0.023" /><testcase classname="tests.langgraph.test_wait_langgraph" name="test_async_question_ids_are_deterministic_per_thread_and_call" time="0.079" /><testcase classname="tests.langgraph.test_wait_langgraph" name="test_async_requires_announcers_at_decoration_time" time="0.005" /><testcase classname="tests.langgraph.test_wait_langgraph" name="test_async_leaves_nothing_for_publish_interrupts" time="0.026" /><testcase classname="tests.langgraph.test_wait_langgraph" name="test_wait_composes_under_langchain_tool" time="0.062" /><testcase classname="tests.langgraph.test_wait_langgraph" name="test_when_decides_whether_the_graph_parks_at_all" time="0.055" /><testcase classname="tests.pydantic_ai.test_wait_pydantic_ai" name="test_a_wait_tool_parks_the_run_and_publishes_the_call" time="6.804" /><testcase classname="tests.pydantic_ai.test_wait_pydantic_ai" name="test_a_finished_run_publishes_nothing" time="0.024" /><testcase classname="tests.pydantic_ai.test_wait_pydantic_ai" name="test_approve_runs_the_body_once_with_original_args" time="0.071" /><testcase classname="tests.pydantic_ai.test_wait_pydantic_ai" name="test_approve_with_edited_args_runs_the_body_with_them" time="0.056" /><testcase classname="tests.pydantic_ai.test_wait_pydantic_ai" name="test_anything_but_approve_does_not_run_the_body_and_the_model_sees_why" time="0.056" /><testcase classname="tests.pydantic_ai.test_wait_pydantic_ai" name="test_a_decision_parameter_always_runs_and_receives_the_answer" time="0.059" /><testcase classname="tests.pydantic_ai.test_wait_pydantic_ai" name="test_approval_without_metadata_is_a_plain_approve" time="0.060" /><testcase classname="tests.pydantic_ai.test_wait_pydantic_ai" name="test_the_host_owns_idempotency" time="0.093" /><testcase classname="tests.pydantic_ai.test_wait_pydantic_ai" name="test_a_requires_approval_tool_is_published_with_the_default_policy" time="0.028" /><testcase classname="tests.pydantic_ai.test_wait_pydantic_ai" name="test_a_call_deferred_tool_is_published_as_a_wait_for_the_outside_world" time="0.027" /><testcase classname="tests.pydantic_ai.test_wait_pydantic_ai" name="test_async_publishes_from_inside_the_tool_and_the_run_carries_on" time="0.045" /><testcase classname="tests.pydantic_ai.test_wait_pydantic_ai" name="test_async_needs_a_thread_id_in_deps" time="0.028" /><testcase classname="tests.pydantic_ai.test_wait_pydantic_ai" name="test_a_wait_tool_without_a_run_context_is_refused_up_front" time="0.028" /><testcase classname="tests.strands_agents.test_wait_strands" name="test_a_wait_tool_parks_the_run_and_publishes_the_call" time="0.051" /><testcase classname="tests.strands_agents.test_wait_strands" name="test_a_finished_run_publishes_nothing" time="0.012" /><testcase classname="tests.strands_agents.test_wait_strands" name="test_approve_runs_the_body_once_with_original_args" time="0.057" /><testcase classname="tests.strands_agents.test_wait_strands" name="test_approve_with_edited_args_runs_the_body_with_them" time="0.063" /><testcase classname="tests.strands_agents.test_wait_strands" name="test_anything_but_approve_does_not_run_the_body_and_is_the_tool_result" time="0.086" /><testcase classname="tests.strands_agents.test_wait_strands" name="test_a_decision_parameter_always_runs_and_receives_the_answer" time="0.056" /><testcase classname="tests.strands_agents.test_wait_strands" name="test_the_parked_question_survives_a_new_process_through_a_session_manager" time="0.326" /><testcase classname="tests.strands_agents.test_wait_strands" name="test_a_parked_run_refuses_a_plain_prompt_and_an_unknown_answer" time="0.048" /><testcase classname="tests.strands_agents.test_wait_strands" name="test_a_duplicate_answer_is_refused_not_ignored" time="0.081" /><testcase classname="tests.strands_agents.test_wait_strands" name="test_a_bare_tool_context_interrupt_is_published_with_the_default_policy" time="0.057" /><testcase classname="tests.strands_agents.test_wait_strands" name="test_async_publishes_from_inside_the_tool_and_the_run_carries_on" time="0.034" /><testcase classname="tests.strands_agents.test_wait_strands" name="test_a_wait_tool_without_a_tool_context_is_refused_up_front" time="0.030" /></testsuite></testsuites>